

================================================================
== Vivado HLS Report for 'Zevenseg'
================================================================
* Date:           Wed May 10 10:09:14 2017

* Version:        2016.4 (Build 1756540 on Mon Jan 23 19:31:01 MST 2017)
* Project:        Zevenseg
* Solution:       solution1
* Product family: zynq
* Target device:  xc7z010clg400-1


================================================================
== Performance Estimates
================================================================
+ Timing (ns): 
    * Summary: 
    +--------+-------+----------+------------+
    |  Clock | Target| Estimated| Uncertainty|
    +--------+-------+----------+------------+
    |ap_clk  |   8.00|      8.00|        0.00|
    +--------+-------+----------+------------+

+ Latency (clock cycles): 
    * Summary: 
    +-----------+-----------+-----------+-----------+---------+
    |        Latency        |        Interval       | Pipeline|
    |    min    |    max    |    min    |    max    |   Type  |
    +-----------+-----------+-----------+-----------+---------+
    |  100000003|  100000003|  100000004|  100000004|   none  |
    +-----------+-----------+-----------+-----------+---------+

    + Detail: 
        * Instance: 
        N/A

        * Loop: 
        +----------+-----------+-----------+----------+-----------+-----------+-----------+----------+
        |          |        Latency        | Iteration|  Initiation Interval  |    Trip   |          |
        | Loop Name|    min    |    max    |  Latency |  achieved |   target  |   Count   | Pipelined|
        +----------+-----------+-----------+----------+-----------+-----------+-----------+----------+
        |- Loop 1  |  100000000|  100000000|         1|          -|          -|  100000000|    no    |
        +----------+-----------+-----------+----------+-----------+-----------+-----------+----------+



================================================================
== Utilization Estimates
================================================================
* Summary: 
+-----------------+---------+-------+-------+-------+
|       Name      | BRAM_18K| DSP48E|   FF  |  LUT  |
+-----------------+---------+-------+-------+-------+
|DSP              |        -|      -|      -|      -|
|Expression       |        -|      -|      0|    505|
|FIFO             |        -|      -|      -|      -|
|Instance         |        -|      -|      -|      -|
|Memory           |        -|      -|      -|      -|
|Multiplexer      |        -|      -|      -|     28|
|Register         |        -|      -|    119|      -|
+-----------------+---------+-------+-------+-------+
|Total            |        0|      0|    119|    533|
+-----------------+---------+-------+-------+-------+
|Available        |      120|     80|  35200|  17600|
+-----------------+---------+-------+-------+-------+
|Utilization (%)  |        0|      0|   ~0  |      3|
+-----------------+---------+-------+-------+-------+

+ Detail: 
    * Instance: 
    N/A

    * DSP48: 
    N/A

    * Memory: 
    N/A

    * FIFO: 
    N/A

    * Expression: 
    +------------------------------+----------+-------+---+----+------------+------------+
    |         Variable Name        | Operation| DSP48E| FF| LUT| Bitwidth P0| Bitwidth P1|
    +------------------------------+----------+-------+---+----+------------+------------+
    |i_1_fu_458_p2                 |     +    |      0|  0|  27|          27|           1|
    |tmp_2_cast_fu_181_p2          |     +    |      0|  0|  31|           2|          31|
    |tmp_2_fu_175_p2               |     +    |      0|  0|  32|           2|          32|
    |tmp_fu_141_p2                 |     +    |      0|  0|  32|           1|          32|
    |exitcond_fu_452_p2            |   icmp   |      0|  0|   9|          27|          27|
    |icmp_fu_157_p2                |   icmp   |      0|  0|  10|          28|           1|
    |tmp_12_i_fu_302_p2            |   icmp   |      0|  0|  11|          32|           3|
    |tmp_13_i_fu_307_p2            |   icmp   |      0|  0|  11|          32|           3|
    |tmp_17_i_fu_334_p2            |   icmp   |      0|  0|  11|          32|           3|
    |tmp_18_i_fu_339_p2            |   icmp   |      0|  0|  11|          32|           4|
    |tmp_22_i_fu_366_p2            |   icmp   |      0|  0|  11|          32|           4|
    |tmp_23_i_fu_371_p2            |   icmp   |      0|  0|  11|          32|           4|
    |tmp_27_i_fu_376_p2            |   icmp   |      0|  0|  11|          32|           4|
    |tmp_28_i_fu_381_p2            |   icmp   |      0|  0|  11|          32|           4|
    |tmp_2_i_fu_238_p2             |   icmp   |      0|  0|  11|          32|           1|
    |tmp_32_i_fu_386_p2            |   icmp   |      0|  0|  11|          32|           4|
    |tmp_33_i_fu_391_p2            |   icmp   |      0|  0|  11|          32|           4|
    |tmp_3_i_fu_243_p2             |   icmp   |      0|  0|  11|          32|           2|
    |tmp_7_i_fu_270_p2             |   icmp   |      0|  0|  11|          32|           2|
    |tmp_8_i_fu_275_p2             |   icmp   |      0|  0|  11|          32|           3|
    |tmp_i_fu_225_p2               |   icmp   |      0|  0|  11|          32|           1|
    |tmp_10_i_fu_288_p2            |    or    |      0|  0|   1|           1|           1|
    |tmp_15_i_fu_320_p2            |    or    |      0|  0|   1|           1|           1|
    |tmp_20_i_fu_352_p2            |    or    |      0|  0|   1|           1|           1|
    |tmp_25_i_fu_403_p2            |    or    |      0|  0|   1|           1|           1|
    |tmp_30_i_fu_421_p2            |    or    |      0|  0|   1|           1|           1|
    |tmp_35_i_fu_440_p2            |    or    |      0|  0|   1|           1|           1|
    |tmp_5_i_fu_256_p2             |    or    |      0|  0|   1|           1|           1|
    |p_1_fu_195_p3                 |  select  |      0|  0|  31|           1|           4|
    |p_s_fu_163_p3                 |  select  |      0|  0|  32|           1|           1|
    |tmp_11_i_fu_294_p3            |  select  |      0|  0|   7|           1|           7|
    |tmp_14_i_cast_cast_fu_312_p3  |  select  |      0|  0|   5|           1|           2|
    |tmp_16_i_fu_326_p3            |  select  |      0|  0|   7|           1|           7|
    |tmp_19_i_cast_cast_fu_344_p3  |  select  |      0|  0|   5|           1|           4|
    |tmp_1_i_fu_230_p3             |  select  |      0|  0|   8|           1|           8|
    |tmp_21_i_fu_358_p3            |  select  |      0|  0|   7|           1|           7|
    |tmp_24_i_cast_cast_fu_396_p3  |  select  |      0|  0|   5|           1|           4|
    |tmp_26_i_fu_407_p3            |  select  |      0|  0|   7|           1|           7|
    |tmp_29_i_fu_414_p3            |  select  |      0|  0|   7|           1|           7|
    |tmp_31_i_fu_425_p3            |  select  |      0|  0|   7|           1|           7|
    |tmp_34_i_cast_cast_fu_433_p3  |  select  |      0|  0|   6|           1|           3|
    |tmp_4_i_fu_248_p3             |  select  |      0|  0|   6|           1|           6|
    |tmp_6_i_fu_262_p3             |  select  |      0|  0|   7|           1|           7|
    |tmp_9_i_cast_cast_fu_280_p3   |  select  |      0|  0|   6|           1|           5|
    |value_assign_fu_207_p3        |  select  |      0|  0|  32|           1|          32|
    |value_display_i_fu_444_p3     |  select  |      0|  0|   7|           1|           7|
    +------------------------------+----------+-------+---+----+------------+------------+
    |Total                         |          |      0|  0| 505|         592|         302|
    +------------------------------+----------+-------+---+----+------------+------------+

    * Multiplexer: 
    +-----------+----+-----------+-----+-----------+
    |    Name   | LUT| Input Size| Bits| Total Bits|
    +-----------+----+-----------+-----+-----------+
    |ap_NS_fsm  |   1|          5|    1|          5|
    |i_reg_126  |  27|          2|   27|         54|
    +-----------+----+-----------+-----+-----------+
    |Total      |  28|          7|   28|         59|
    +-----------+----+-----------+-----+-----------+

    * Register: 
    +-------------------------+----+----+-----+-----------+
    |           Name          | FF | LUT| Bits| Const Bits|
    +-------------------------+----+----+-----+-----------+
    |ap_CS_fsm                |   4|   0|    4|          0|
    |i_reg_126                |  27|   0|   27|          0|
    |tmp_21_i_reg_488         |   7|   0|    7|          0|
    |tmp_22_i_reg_493         |   1|   0|    1|          0|
    |tmp_23_i_reg_498         |   1|   0|    1|          0|
    |tmp_27_i_reg_504         |   1|   0|    1|          0|
    |tmp_28_i_reg_509         |   1|   0|    1|          0|
    |tmp_32_i_reg_515         |   1|   0|    1|          0|
    |tmp_33_i_reg_520         |   1|   0|    1|          0|
    |tmp_5_reg_483            |   4|   0|    4|          0|
    |value_assign_reg_464     |  32|   0|   32|          0|
    |value_display_i_reg_526  |   7|   0|    7|          0|
    |value_r                  |  32|   0|   32|          0|
    +-------------------------+----+----+-----+-----------+
    |Total                    | 119|   0|  119|          0|
    +-------------------------+----+----+-----+-----------+



================================================================
== Interface
================================================================
* Summary: 
+------------------+-----+-----+------------+--------------+--------------+
|     RTL Ports    | Dir | Bits|  Protocol  | Source Object|    C Type    |
+------------------+-----+-----+------------+--------------+--------------+
|ap_clk            |  in |    1| ap_ctrl_hs |   Zevenseg   | return value |
|ap_rst            |  in |    1| ap_ctrl_hs |   Zevenseg   | return value |
|ap_start          |  in |    1| ap_ctrl_hs |   Zevenseg   | return value |
|ap_done           | out |    1| ap_ctrl_hs |   Zevenseg   | return value |
|ap_idle           | out |    1| ap_ctrl_hs |   Zevenseg   | return value |
|ap_ready          | out |    1| ap_ctrl_hs |   Zevenseg   | return value |
|sw                |  in |    1|   ap_none  |      sw      |    scalar    |
|led_V             | out |    4|   ap_vld   |     led_V    |    pointer   |
|led_V_ap_vld      | out |    1|   ap_vld   |     led_V    |    pointer   |
|display_V         | out |    7|   ap_vld   |   display_V  |    pointer   |
|display_V_ap_vld  | out |    1|   ap_vld   |   display_V  |    pointer   |
+------------------+-----+-----+------------+--------------+--------------+

